// Jest Snapshot v1, https://goo.gl/fbAQLP

exports[`PostController V1 - check functionality of base controller get current user 1`] = `
Users {
  "address": "verve",
  "createdAt": 2020-01-14T21:48:50.862Z,
  "firstName": "hwang",
  "id": 1,
  "lastName": "kyokook",
  "updatedAt": 2020-01-14T21:48:50.862Z,
  "version": 1,
}
`;
