// Jest Snapshot v1, https://goo.gl/fbAQLP

exports[`PostController V1 - check functionality of base controller get current user 1`] = `
Users {
  "address": "verve residences t1",
  "createdAt": 2020-02-04T01:03:21.477Z,
  "dummy": "dummy",
  "firstName": "kyokook",
  "id": 1,
  "lastName": "hwang",
  "updatedAt": 2020-02-04T01:03:21.477Z,
  "version": 1,
}
`;
